Skipping image OS validation for hb__df604ebb5e06cc516bb074122c9045b1: docker inspect returned 1
Trial cleaning-service__hDSmsp5 failed: Docker compose command failed for environment cleaning-service. Command: docker compose --project-name cleaning-service__hdsmsp5__env --project-directory /home/hubert/code/dnb/eda-benchmark/tasks/cleaning-service/environment -f /tmp/tmp5jn7fpn0/cleaning-service__hDSmsp5__env-docker-compose-resources.json -f /home/hubert/code/dnb/eda-benchmark/harbor/.venv/lib/python3.13/site-packages/harbor/environments/docker/docker-compose-build.yaml -f /tmp/tmpv4gj3dfz/docker-compose-mounts.json up --detach --wait. Return code: 1. Stdout:  Image cleaning-service__hdsmsp5__env-main Building 
#1 [internal] load local bake definitions
#1 reading from stdin 630B done
#1 DONE 0.0s

#2 [1/4] FROM docker.io/library/python:3.11-slim
#2 DONE 0.0s

#3 [2/4] RUN pip install --no-cache-dir pandas numpy scipy scikit-learn
#3 CACHED

#4 [3/4] WORKDIR /app
#4 CACHED

#5 [4/4] COPY dataset/ /app/dataset/
#5 CACHED

#6 [internal] load build definition from Dockerfile
#6 transferring dockerfile: 168B done
#6 DONE 0.0s

#7 [internal] load metadata for docker.io/library/python:3.11-slim
#7 DONE 0.0s

#8 [internal] load .dockerignore
#8 transferring context: 2B done
#8 DONE 0.0s

#9 [internal] load build context
#9 transferring context: 149B done
#9 DONE 0.0s

#10 exporting to image
#10 exporting layers done
#10 writing image sha256:b451f0cb84938b6a051f2a3a6df1e37937bdcac47e16e62c188e8e17a5dcad82 done
#10 naming to docker.io/library/cleaning-service__hdsmsp5__env-main done
#10 DONE 0.0s

#11 resolving provenance for metadata file
#11 DONE 0.0s
 Image cleaning-service__hdsmsp5__env-main Built 
 Network cleaning-service__hdsmsp5__env_default Creating 
 Network cleaning-service__hdsmsp5__env_default Error Error response from daemon: all predefined address pools have been fully subnetted
failed to create network cleaning-service__hdsmsp5__env_default: Error response from daemon: all predefined address pools have been fully subnetted
. Stderr: None. 
Collecting main service artifacts
Failed to download artifact '/app/answer.json' from service 'main' (best-effort)
Traceback (most recent call last):
  File "/home/hubert/code/dnb/eda-benchmark/harbor/.venv/lib/python3.13/site-packages/harbor/trial/trial.py", line 350, in run
    await self._prepare()
  File "/home/hubert/code/dnb/eda-benchmark/harbor/.venv/lib/python3.13/site-packages/harbor/trial/trial.py", line 379, in _prepare
    await self._setup_agent_environment()
  File "/home/hubert/code/dnb/eda-benchmark/harbor/.venv/lib/python3.13/site-packages/harbor/trial/trial.py", line 1097, in _setup_agent_environment
    await self._start_agent_environment()
  File "/home/hubert/code/dnb/eda-benchmark/harbor/.venv/lib/python3.13/site-packages/harbor/trial/trial.py", line 1103, in _start_agent_environment
    await asyncio.wait_for(
    ...<4 lines>...
    )
  File "/home/hubert/.local/share/uv/python/cpython-3.13.5-linux-x86_64-gnu/lib/python3.13/asyncio/tasks.py", line 507, in wait_for
    return await fut
           ^^^^^^^^^
  File "/home/hubert/code/dnb/eda-benchmark/harbor/.venv/lib/python3.13/site-packages/harbor/environments/docker/docker.py", line 882, in start
    await self._run_docker_compose_command(["up", "--detach", "--wait"])
  File "/home/hubert/code/dnb/eda-benchmark/harbor/.venv/lib/python3.13/site-packages/harbor/environments/docker/docker.py", line 631, in _run_docker_compose_command
    raise RuntimeError(
    ...<5 lines>...
    )
RuntimeError: Docker compose command failed for environment cleaning-service. Command: docker compose --project-name cleaning-service__hdsmsp5__env --project-directory /home/hubert/code/dnb/eda-benchmark/tasks/cleaning-service/environment -f /tmp/tmp5jn7fpn0/cleaning-service__hDSmsp5__env-docker-compose-resources.json -f /home/hubert/code/dnb/eda-benchmark/harbor/.venv/lib/python3.13/site-packages/harbor/environments/docker/docker-compose-build.yaml -f /tmp/tmpv4gj3dfz/docker-compose-mounts.json up --detach --wait. Return code: 1. Stdout:  Image cleaning-service__hdsmsp5__env-main Building 
#1 [internal] load local bake definitions
#1 reading from stdin 630B done
#1 DONE 0.0s

#2 [1/4] FROM docker.io/library/python:3.11-slim
#2 DONE 0.0s

#3 [2/4] RUN pip install --no-cache-dir pandas numpy scipy scikit-learn
#3 CACHED

#4 [3/4] WORKDIR /app
#4 CACHED

#5 [4/4] COPY dataset/ /app/dataset/
#5 CACHED

#6 [internal] load build definition from Dockerfile
#6 transferring dockerfile: 168B done
#6 DONE 0.0s

#7 [internal] load metadata for docker.io/library/python:3.11-slim
#7 DONE 0.0s

#8 [internal] load .dockerignore
#8 transferring context: 2B done
#8 DONE 0.0s

#9 [internal] load build context
#9 transferring context: 149B done
#9 DONE 0.0s

#10 exporting to image
#10 exporting layers done
#10 writing image sha256:b451f0cb84938b6a051f2a3a6df1e37937bdcac47e16e62c188e8e17a5dcad82 done
#10 naming to docker.io/library/cleaning-service__hdsmsp5__env-main done
#10 DONE 0.0s

#11 resolving provenance for metadata file
#11 DONE 0.0s
 Image cleaning-service__hdsmsp5__env-main Built 
 Network cleaning-service__hdsmsp5__env_default Creating 
 Network cleaning-service__hdsmsp5__env_default Error Error response from daemon: all predefined address pools have been fully subnetted
failed to create network cleaning-service__hdsmsp5__env_default: Error response from daemon: all predefined address pools have been fully subnetted
. Stderr: None. 

During handling of the above exception, another exception occurred:

Traceback (most recent call last):
  File "/home/hubert/code/dnb/eda-benchmark/harbor/.venv/lib/python3.13/site-packages/harbor/trial/artifact_handler.py", line 330, in _download_artifact
    await source_env.service_download_file(
    ...<3 lines>...
    )
  File "/home/hubert/code/dnb/eda-benchmark/harbor/.venv/lib/python3.13/site-packages/harbor/environments/docker/docker.py", line 1025, in service_download_file
    await self.download_file(source_path, target_path)
  File "/home/hubert/code/dnb/eda-benchmark/harbor/.venv/lib/python3.13/site-packages/harbor/environments/docker/docker.py", line 1010, in download_file
    await self._platform.download_file(source_path, target_path)
  File "/home/hubert/code/dnb/eda-benchmark/harbor/.venv/lib/python3.13/site-packages/harbor/environments/docker/docker_unix.py", line 185, in download_file
    await self._env._run_docker_compose_command(
    ...<2 lines>...
    )
  File "/home/hubert/code/dnb/eda-benchmark/harbor/.venv/lib/python3.13/site-packages/harbor/environments/docker/docker.py", line 631, in _run_docker_compose_command
    raise RuntimeError(
    ...<5 lines>...
    )
RuntimeError: Docker compose command failed for environment cleaning-service. Command: docker compose --project-name cleaning-service__hdsmsp5__env --project-directory /home/hubert/code/dnb/eda-benchmark/tasks/cleaning-service/environment -f /tmp/tmp5jn7fpn0/cleaning-service__hDSmsp5__env-docker-compose-resources.json -f /home/hubert/code/dnb/eda-benchmark/harbor/.venv/lib/python3.13/site-packages/harbor/environments/docker/docker-compose-build.yaml -f /tmp/tmpv4gj3dfz/docker-compose-mounts.json cp main:/app/answer.json results/benchmark-cleaning-service-20260709-181834/cleaning-service__hDSmsp5/artifacts/app/answer.json. Return code: 1. Stdout: no container found for service "main"
. Stderr: None. 
